<html>
<body>
<pre>
<h1>µVision Build Log</h1>
<h2>Project:</h2>
C:\Users\ADMIN\Documents\LPC2148\Keil\project_file.uvproj
Project File Date:  10/31/2015

<h2>Output:</h2>
Build target 'Target 1'
assembling Startup.s...
compiling uart.c...
linking...
Program Size: Code=864 RO-data=16 RW-data=0 ZI-data=1256  
FromELF: creating hex file...
".\hexFile\hexFile.axf" - 0 Error(s), 0 Warning(s).
compiling C:\Keil\ARM\INC\Philips\LPC214X.h...
Build target 'Target 1'
compiling uart_rx_interrupt.c...
linking...
Program Size: Code=892 RO-data=16 RW-data=0 ZI-data=1256  
FromELF: creating hex file...
".\hexFile\hexFile.axf" - 0 Error(s), 0 Warning(s).
